2026-04-20 17:07:42.610986: I tensorflow/core/util/port.cc:153] oneDNN custom operations are on. You may see slightly different numerical results due to floating-point round-off errors from different computation orders. To turn them off, set the environment variable `TF_ENABLE_ONEDNN_OPTS=0`.
2026-04-20 17:07:42.677876: I tensorflow/core/platform/cpu_feature_guard.cc:210] This TensorFlow binary is optimized to use available CPU instructions in performance-critical operations.
To enable the following instructions: AVX2 AVX512F AVX512_VNNI FMA, in other operations, rebuild TensorFlow with the appropriate compiler flags.
2026-04-20 17:08:06.567010: I tensorflow/core/util/port.cc:153] oneDNN custom operations are on. You may see slightly different numerical results due to floating-point round-off errors from different computation orders. To turn them off, set the environment variable `TF_ENABLE_ONEDNN_OPTS=0`.
WARNING: All log messages before absl::InitializeLog() is called are written to STDERR
I0000 00:00:1776719304.748994 4129222 gpu_device.cc:2020] Created device /job:localhost/replica:0/task:0/device:GPU:0 with 43489 MB memory:  -> device: 0, name: NVIDIA L40S, pci bus id: 0000:19:00.0, compute capability: 8.9
WARNING:tensorflow:AutoGraph could not transform <function test_fn at 0x7f8d7db913a0> and will run it as-is.
Cause: Unable to locate the source code of <function test_fn at 0x7f8d7db913a0>. Note that functions defined in certain environments, like the interactive Python shell, do not expose their source code. If that is the case, you should define them in a .py source file. If you are certain the code is graph-compatible, wrap the call using @tf.autograph.experimental.do_not_convert. Original error: could not get source code
To silence this warning, decorate the function with @tf.autograph.experimental.do_not_convert
2026-04-20 17:08:25.046918: I external/local_xla/xla/service/service.cc:163] XLA service 0x55b65a28cdb0 initialized for platform CUDA (this does not guarantee that XLA will be used). Devices:
2026-04-20 17:08:25.046939: I external/local_xla/xla/service/service.cc:171]   StreamExecutor device (0): NVIDIA L40S, Compute Capability 8.9
2026-04-20 17:08:25.051204: I tensorflow/compiler/mlir/tensorflow/utils/dump_mlir_util.cc:269] disabling MLIR crash reproducer, set env var `MLIR_CRASH_REPRODUCER_DIRECTORY` to enable.
2026-04-20 17:08:25.068876: I external/local_xla/xla/stream_executor/cuda/cuda_dnn.cc:473] Loaded cuDNN version 91100
I0000 00:00:1776719305.188294 4129222 device_compiler.h:196] Compiled cluster using XLA!  This line is logged at most once for the lifetime of the process.
2026-04-20 17:08:28.656900: I tensorflow/core/util/port.cc:153] oneDNN custom operations are on. You may see slightly different numerical results due to floating-point round-off errors from different computation orders. To turn them off, set the environment variable `TF_ENABLE_ONEDNN_OPTS=0`.
2026-04-20 17:08:28.753183: I tensorflow/core/platform/cpu_feature_guard.cc:210] This TensorFlow binary is optimized to use available CPU instructions in performance-critical operations.
To enable the following instructions: AVX2 AVX512F AVX512_VNNI FMA, in other operations, rebuild TensorFlow with the appropriate compiler flags.
2026-04-20 17:08:36.368275: I tensorflow/core/util/port.cc:153] oneDNN custom operations are on. You may see slightly different numerical results due to floating-point round-off errors from different computation orders. To turn them off, set the environment variable `TF_ENABLE_ONEDNN_OPTS=0`.
WARNING: All log messages before absl::InitializeLog() is called are written to STDERR
I0000 00:00:1776719336.064773 4129284 gpu_device.cc:2020] Created device /job:localhost/replica:0/task:0/device:GPU:0 with 43489 MB memory:  -> device: 0, name: NVIDIA L40S, pci bus id: 0000:19:00.0, compute capability: 8.9
2026-04-20 17:08:59.741483: I external/local_xla/xla/stream_executor/cuda/cuda_dnn.cc:473] Loaded cuDNN version 91100
