Host: g181103.ll.unc.edu
Date: Mon Apr 20 05:24:02 PM EDT 2026
Job ID: 44703346
Array Task ID: 3
Working dir: /nas/longleaf/home/inserra/bigbrains/SMC_pub
==== CUDA CHECK ====
CUDA_TOOLKIT_ROOT=/nas/longleaf/rhel9/apps/cuda/12.9
/nas/longleaf/rhel9/apps/cuda/12.9/bin/nvcc
Mon Apr 20 17:24:02 2026       
+-----------------------------------------------------------------------------------------+
| NVIDIA-SMI 590.48.01              Driver Version: 590.48.01      CUDA Version: 13.1     |
+-----------------------------------------+------------------------+----------------------+
| GPU  Name                 Persistence-M | Bus-Id          Disp.A | Volatile Uncorr. ECC |
| Fan  Temp   Perf          Pwr:Usage/Cap |           Memory-Usage | GPU-Util  Compute M. |
|                                         |                        |               MIG M. |
|=========================================+========================+======================|
|   0  NVIDIA L40S                    On  |   00000000:19:00.0 Off |                    0 |
| N/A   39C    P8             60W /  350W |       0MiB /  46068MiB |      0%      Default |
|                                         |                        |                  N/A |
+-----------------------------------------+------------------------+----------------------+

+-----------------------------------------------------------------------------------------+
| Processes:                                                                              |
|  GPU   GI   CI              PID   Type   Process name                        GPU Memory |
|        ID   ID                                                               Usage      |
|=========================================================================================|
|  No running processes found                                                             |
+-----------------------------------------------------------------------------------------+
total 480
-rw-r--r-- 1 jennyw its_employee_psx 486168 Jun 19  2025 libdevice.10.bc
TF version: 2.20.0
Built with CUDA: True
GPUs: [PhysicalDevice(name='/physical_device:GPU:0', device_type='GPU')]
XLA test passed: [-1.  0.  1.]

======================================================================
OUTER FOLD 3/4
Output directory: /nas/longleaf/home/inserra/bigbrains/SMC_pub/outputs/smc_nested_cv_a100/outer_fold_3
Total trials after trimming: 840
Total sessions after trimming: 16
Feature dimension: 210
Target column: performance
Interpretation: LOWER target values = BETTER task performance
Removed target outliers: 10
Target keep range: [1.544197, 17.875950]
Outer train sessions: ['23a477dd-d8b8-42c6-adbe-47f39ed77952'
 '2a298ece-1693-424d-9d70-7988e3c23aa6'
 '396f53e6-e4aa-4d49-861d-5cab0e380592'
 '74500da8-b16d-48c9-a573-2b507d395bbb'
 '957d4d90-5e33-448f-8662-9a27f6f2b66c'
 '99ea5a4e-5011-47ee-823c-56fdacec63f5'
 'ad87efc0-28f6-4acc-8ec2-a5f449e974bc'
 'c488b456-7651-4424-8cc9-8f81ed92e0e2'
 'c9a0db8e-8359-4a36-8e49-5080627736e3'
 'dfb19734-6102-44df-8e11-9947e134eeb2'
 'f43c63f7-4814-4cda-8fb8-a6a19cfbc342'
 'f59e9a00-0a45-4497-8048-818cd5f48267']
Outer test sessions : ['359314b3-5a7c-4dd0-b813-6d8344c62062'
 '3e4a23a8-c0e7-4ce7-ae53-eeaf9f4c0fd5'
 '52c3627d-635c-44b0-8eca-f1a6c372019d'
 '84a32360-b241-415e-9626-55dddd442162']
Outer train trials  : 636
Outer test trials   : 204
Number of hyperparameter configs: 8

Testing hyperparameters 1/8: {'lstm_units': 512, 'dense_units': 128, 'dropout': 0.2, 'learning_rate': 0.0001, 'batch_size': 128}
  Inner fold 1/3 | max_len=30 | best_val_loss=3.207138 | best_epoch=298
  Inner fold 2/3 | max_len=30 | best_val_loss=2.824165 | best_epoch=257
  Inner fold 3/3 | max_len=30 | best_val_loss=2.506629 | best_epoch=80

Testing hyperparameters 2/8: {'lstm_units': 512, 'dense_units': 128, 'dropout': 0.4, 'learning_rate': 0.0001, 'batch_size': 128}
  Inner fold 1/3 | max_len=30 | best_val_loss=3.318579 | best_epoch=134
  Inner fold 2/3 | max_len=30 | best_val_loss=2.712891 | best_epoch=114
  Inner fold 3/3 | max_len=30 | best_val_loss=2.204864 | best_epoch=120

Testing hyperparameters 3/8: {'lstm_units': 512, 'dense_units': 256, 'dropout': 0.2, 'learning_rate': 0.0001, 'batch_size': 128}
  Inner fold 1/3 | max_len=30 | best_val_loss=3.133135 | best_epoch=226
  Inner fold 2/3 | max_len=30 | best_val_loss=3.050045 | best_epoch=198
  Inner fold 3/3 | max_len=30 | best_val_loss=2.275015 | best_epoch=265

Testing hyperparameters 4/8: {'lstm_units': 512, 'dense_units': 256, 'dropout': 0.4, 'learning_rate': 0.0001, 'batch_size': 128}
  Inner fold 1/3 | max_len=30 | best_val_loss=3.041950 | best_epoch=266
  Inner fold 2/3 | max_len=30 | best_val_loss=2.724477 | best_epoch=201
  Inner fold 3/3 | max_len=30 | best_val_loss=2.241978 | best_epoch=140

Testing hyperparameters 5/8: {'lstm_units': 1024, 'dense_units': 128, 'dropout': 0.2, 'learning_rate': 0.0001, 'batch_size': 128}
  Inner fold 1/3 | max_len=30 | best_val_loss=3.946303 | best_epoch=51
  Inner fold 2/3 | max_len=30 | best_val_loss=2.783189 | best_epoch=158
  Inner fold 3/3 | max_len=30 | best_val_loss=2.072638 | best_epoch=35

Testing hyperparameters 6/8: {'lstm_units': 1024, 'dense_units': 128, 'dropout': 0.4, 'learning_rate': 0.0001, 'batch_size': 128}
  Inner fold 1/3 | max_len=30 | best_val_loss=3.645361 | best_epoch=126
  Inner fold 2/3 | max_len=30 | best_val_loss=2.471562 | best_epoch=205
  Inner fold 3/3 | max_len=30 | best_val_loss=1.931530 | best_epoch=50

Testing hyperparameters 7/8: {'lstm_units': 1024, 'dense_units': 256, 'dropout': 0.2, 'learning_rate': 0.0001, 'batch_size': 128}
  Inner fold 1/3 | max_len=30 | best_val_loss=3.081765 | best_epoch=266
  Inner fold 2/3 | max_len=30 | best_val_loss=2.711513 | best_epoch=199
  Inner fold 3/3 | max_len=30 | best_val_loss=2.040763 | best_epoch=76

Testing hyperparameters 8/8: {'lstm_units': 1024, 'dense_units': 256, 'dropout': 0.4, 'learning_rate': 0.0001, 'batch_size': 128}
  Inner fold 1/3 | max_len=30 | best_val_loss=3.408041 | best_epoch=54
  Inner fold 2/3 | max_len=30 | best_val_loss=2.358164 | best_epoch=199
  Inner fold 3/3 | max_len=30 | best_val_loss=1.888477 | best_epoch=113

Best hyperparameters from inner CV:
{'lstm_units': 1024, 'dense_units': 256, 'dropout': 0.4, 'learning_rate': 0.0001, 'batch_size': 128}
Mean inner validation loss: 2.551561
Final epochs: 113
Outer training max_len: 30

Outer fold test results:
  test_mse: 4.362303
  test_rmse: 2.088613
  test_mae: 1.533883
  test_r2: 0.559723

Saved files:
  - outputs/smc_nested_cv_a100/outer_fold_3/inner_cv_results.csv
  - outputs/smc_nested_cv_a100/outer_fold_3/outer_fold_metrics.csv
  - outputs/smc_nested_cv_a100/outer_fold_3/outer_fold_predictions.csv
  - outputs/smc_nested_cv_a100/outer_fold_3/predicted_vs_true_sorted.png
  - outputs/smc_nested_cv_a100/outer_fold_3/predicted_vs_true_scatter.png

Completed single outer fold run.
Run output directory: /nas/longleaf/home/inserra/bigbrains/SMC_pub/outputs/smc_nested_cv_a100
