Host: g181009.ll.unc.edu
Date: Mon Apr 20 05:17:41 PM EDT 2026
Job ID: 44703033
Array Task ID: 2
Working dir: /nas/longleaf/home/inserra/bigbrains/SMC_pub
==== CUDA CHECK ====
CUDA_TOOLKIT_ROOT=/nas/longleaf/rhel9/apps/cuda/12.9
/nas/longleaf/rhel9/apps/cuda/12.9/bin/nvcc
Mon Apr 20 17:17:41 2026       
+-----------------------------------------------------------------------------------------+
| NVIDIA-SMI 590.48.01              Driver Version: 590.48.01      CUDA Version: 13.1     |
+-----------------------------------------+------------------------+----------------------+
| GPU  Name                 Persistence-M | Bus-Id          Disp.A | Volatile Uncorr. ECC |
| Fan  Temp   Perf          Pwr:Usage/Cap |           Memory-Usage | GPU-Util  Compute M. |
|                                         |                        |               MIG M. |
|=========================================+========================+======================|
|   0  NVIDIA L40S                    On  |   00000000:B3:00.0 Off |                    0 |
| N/A   39C    P8             33W /  350W |       0MiB /  46068MiB |      0%      Default |
|                                         |                        |                  N/A |
+-----------------------------------------+------------------------+----------------------+

+-----------------------------------------------------------------------------------------+
| Processes:                                                                              |
|  GPU   GI   CI              PID   Type   Process name                        GPU Memory |
|        ID   ID                                                               Usage      |
|=========================================================================================|
|  No running processes found                                                             |
+-----------------------------------------------------------------------------------------+
total 480
-rw-r--r-- 1 jennyw its_employee_psx 486168 Jun 19  2025 libdevice.10.bc
TF version: 2.20.0
Built with CUDA: True
GPUs: [PhysicalDevice(name='/physical_device:GPU:0', device_type='GPU')]
XLA test passed: [-1.  0.  1.]

======================================================================
OUTER FOLD 2/4
Output directory: /nas/longleaf/home/inserra/bigbrains/SMC_pub/outputs/smc_nested_cv_a100/outer_fold_2
Total trials after trimming: 840
Total sessions after trimming: 16
Feature dimension: 210
Target column: performance
Interpretation: LOWER target values = BETTER task performance
Removed target outliers: 10
Target keep range: [1.544197, 17.875950]
Outer train sessions: ['23a477dd-d8b8-42c6-adbe-47f39ed77952'
 '359314b3-5a7c-4dd0-b813-6d8344c62062'
 '396f53e6-e4aa-4d49-861d-5cab0e380592'
 '3e4a23a8-c0e7-4ce7-ae53-eeaf9f4c0fd5'
 '52c3627d-635c-44b0-8eca-f1a6c372019d'
 '74500da8-b16d-48c9-a573-2b507d395bbb'
 '84a32360-b241-415e-9626-55dddd442162'
 '957d4d90-5e33-448f-8662-9a27f6f2b66c'
 'ad87efc0-28f6-4acc-8ec2-a5f449e974bc'
 'c9a0db8e-8359-4a36-8e49-5080627736e3'
 'f43c63f7-4814-4cda-8fb8-a6a19cfbc342'
 'f59e9a00-0a45-4497-8048-818cd5f48267']
Outer test sessions : ['2a298ece-1693-424d-9d70-7988e3c23aa6'
 '99ea5a4e-5011-47ee-823c-56fdacec63f5'
 'c488b456-7651-4424-8cc9-8f81ed92e0e2'
 'dfb19734-6102-44df-8e11-9947e134eeb2']
Outer train trials  : 626
Outer test trials   : 214
Number of hyperparameter configs: 8

Testing hyperparameters 1/8: {'lstm_units': 512, 'dense_units': 128, 'dropout': 0.2, 'learning_rate': 0.0001, 'batch_size': 128}
  Inner fold 1/3 | max_len=30 | best_val_loss=3.163866 | best_epoch=100
  Inner fold 2/3 | max_len=30 | best_val_loss=8.913526 | best_epoch=86
  Inner fold 3/3 | max_len=30 | best_val_loss=1.687158 | best_epoch=51

Testing hyperparameters 2/8: {'lstm_units': 512, 'dense_units': 128, 'dropout': 0.4, 'learning_rate': 0.0001, 'batch_size': 128}
  Inner fold 1/3 | max_len=30 | best_val_loss=3.128999 | best_epoch=105
  Inner fold 2/3 | max_len=30 | best_val_loss=8.008009 | best_epoch=114
  Inner fold 3/3 | max_len=30 | best_val_loss=1.744871 | best_epoch=58

Testing hyperparameters 3/8: {'lstm_units': 512, 'dense_units': 256, 'dropout': 0.2, 'learning_rate': 0.0001, 'batch_size': 128}
  Inner fold 1/3 | max_len=30 | best_val_loss=2.990233 | best_epoch=92
  Inner fold 2/3 | max_len=30 | best_val_loss=8.267917 | best_epoch=114
  Inner fold 3/3 | max_len=30 | best_val_loss=2.074069 | best_epoch=42

Testing hyperparameters 4/8: {'lstm_units': 512, 'dense_units': 256, 'dropout': 0.4, 'learning_rate': 0.0001, 'batch_size': 128}
  Inner fold 1/3 | max_len=30 | best_val_loss=2.935991 | best_epoch=41
  Inner fold 2/3 | max_len=30 | best_val_loss=6.901903 | best_epoch=219
  Inner fold 3/3 | max_len=30 | best_val_loss=2.011763 | best_epoch=55

Testing hyperparameters 5/8: {'lstm_units': 1024, 'dense_units': 128, 'dropout': 0.2, 'learning_rate': 0.0001, 'batch_size': 128}
  Inner fold 1/3 | max_len=30 | best_val_loss=2.815598 | best_epoch=51
  Inner fold 2/3 | max_len=30 | best_val_loss=6.657740 | best_epoch=254
  Inner fold 3/3 | max_len=30 | best_val_loss=1.820549 | best_epoch=55

Testing hyperparameters 6/8: {'lstm_units': 1024, 'dense_units': 128, 'dropout': 0.4, 'learning_rate': 0.0001, 'batch_size': 128}
  Inner fold 1/3 | max_len=30 | best_val_loss=2.736889 | best_epoch=28
  Inner fold 2/3 | max_len=30 | best_val_loss=6.162537 | best_epoch=92
  Inner fold 3/3 | max_len=30 | best_val_loss=1.786694 | best_epoch=37

Testing hyperparameters 7/8: {'lstm_units': 1024, 'dense_units': 256, 'dropout': 0.2, 'learning_rate': 0.0001, 'batch_size': 128}
  Inner fold 1/3 | max_len=30 | best_val_loss=2.697679 | best_epoch=18
  Inner fold 2/3 | max_len=30 | best_val_loss=7.021475 | best_epoch=130
  Inner fold 3/3 | max_len=30 | best_val_loss=1.961069 | best_epoch=30

Testing hyperparameters 8/8: {'lstm_units': 1024, 'dense_units': 256, 'dropout': 0.4, 'learning_rate': 0.0001, 'batch_size': 128}
  Inner fold 1/3 | max_len=30 | best_val_loss=2.796043 | best_epoch=23
  Inner fold 2/3 | max_len=30 | best_val_loss=5.986649 | best_epoch=169
  Inner fold 3/3 | max_len=30 | best_val_loss=1.854632 | best_epoch=56

Best hyperparameters from inner CV:
{'lstm_units': 1024, 'dense_units': 256, 'dropout': 0.4, 'learning_rate': 0.0001, 'batch_size': 128}
Mean inner validation loss: 3.545775
Final epochs: 56
Outer training max_len: 30

Outer fold test results:
  test_mse: 3.170554
  test_rmse: 1.780605
  test_mae: 1.323116
  test_r2: 0.522229

Saved files:
  - outputs/smc_nested_cv_a100/outer_fold_2/inner_cv_results.csv
  - outputs/smc_nested_cv_a100/outer_fold_2/outer_fold_metrics.csv
  - outputs/smc_nested_cv_a100/outer_fold_2/outer_fold_predictions.csv
  - outputs/smc_nested_cv_a100/outer_fold_2/predicted_vs_true_sorted.png
  - outputs/smc_nested_cv_a100/outer_fold_2/predicted_vs_true_scatter.png

Completed single outer fold run.
Run output directory: /nas/longleaf/home/inserra/bigbrains/SMC_pub/outputs/smc_nested_cv_a100
